{
    "widget"/* 这是我最喜欢的 WIDGET */: {
        "debug": "on"/* 人为什么要调试？ */,
        "window": {
            "title": /* 这个名字不是我取的 */"Sample Konfabulator Widget",
            "name": "main_window",
            "width": 500,
            // 长方形的
            "height": 500// 会不会好

        },
        // 一点？
        "image": {
            //   这张图片我看过
            // 但记不清是什么时候
            ///       ///
            /* 真的！ */
            "src": "Images/Sun.png",
            "name": "sun1",
            "hOffset": 250,
            "vOffset": 250,
            "alignment": "center"
        },
        /**
         * 剩余部分都非常关键
         * 当然不是相对于我们的测试而言
        */
        "text": {
            "data": "Click Here"// 点了之后会发生什么？
,
            "size": 36,
            "style": "bold",
            "name": "text1/* 一个很随意的名字 */",
            "hOffset": 250,
            "vOffset": 100,
            "alignment": "center",
            "onMouseUp": "sun1.opacity = (sun1.opacity / 100) * 90;"
        }// endtext

    }// end widget

}
// end file
///  end of file
/****************/
